PHPUnit 11.5.50 by Sebastian Bergmann and contributors.

Runtime:       PHP 8.4.17
Configuration: /var/www/html/phpunit.xml

.....F...EEE.......                                               19 / 19 (100%)

Time: 00:16.916, Memory: 54.50 MB

There were 3 errors:

1) Tests\Feature\KeycloakSyncTest::test_sync_does_not_overwrite_structure_fields
ArgumentCountError: Too few arguments to function App\Services\Keycloak\KeycloakSyncService::__construct(), 1 passed in /var/www/html/tests/Feature/KeycloakSyncTest.php on line 43 and exactly 2 expected

/var/www/html/app/Services/Keycloak/KeycloakSyncService.php:15
/var/www/html/tests/Feature/KeycloakSyncTest.php:43

2) Tests\Feature\KeycloakSyncTest::test_extract_team_group_path_returns_first_team
ArgumentCountError: Too few arguments to function App\Services\Keycloak\KeycloakSyncService::__construct(), 1 passed in /var/www/html/tests/Feature/KeycloakSyncTest.php on line 92 and exactly 2 expected

/var/www/html/app/Services/Keycloak/KeycloakSyncService.php:15
/var/www/html/tests/Feature/KeycloakSyncTest.php:92

3) Tests\Feature\KeycloakSyncTest::test_lock_prevents_parallel_sync
ArgumentCountError: Too few arguments to function App\Services\Keycloak\KeycloakSyncService::__construct(), 1 passed in /var/www/html/tests/Feature/KeycloakSyncTest.php on line 109 and exactly 2 expected

/var/www/html/app/Services/Keycloak/KeycloakSyncService.php:15
/var/www/html/tests/Feature/KeycloakSyncTest.php:109

--

There was 1 failure:

1) Tests\Feature\Auth\RouteAuthorizationTest::test_forbidden_without_clients_view_permission
Expected response status code [403] but received 200.
Failed asserting that 200 is identical to 403.

/var/www/html/vendor/laravel/framework/src/Illuminate/Testing/TestResponseAssert.php:45
/var/www/html/vendor/laravel/framework/src/Illuminate/Testing/TestResponse.php:174
/var/www/html/tests/Feature/Auth/RouteAuthorizationTest.php:32

ERRORS!
Tests: 19, Assertions: 23, Errors: 3, Failures: 1.
